// Jest Snapshot v1, https://goo.gl/fbAQLP

exports[`grid component renders correctly 1`] = `
<div
  className="grid"
/>
`;
