// Jest Snapshot v1, https://goo.gl/fbAQLP

exports[`login page component should redirect to \`/\` 1`] = `
<DocumentFragment>
  <div>
    loading â€¦
  </div>
</DocumentFragment>
`;
