// Jest Snapshot v1, https://goo.gl/fbAQLP

exports[`footer component renders correctly 1`] = `[Function]`;
