// Jest Snapshot v1, https://goo.gl/fbAQLP

exports[`contact preview component should render correctly 1`] = `
<div>
  <h2
    class="contact__name"
  >
    <a
      class="contact__link"
      href="/contacts/1"
    >
      John
       
      Doe
    </a>
  </h2>
</div>
`;
