// Jest Snapshot v1, https://goo.gl/fbAQLP

exports[`contact new component should render correctly 1`] = `
<form
  action="#"
  class="form"
>
  <fieldset>
    <legend>
      Name
    </legend>
    <div
      class="form__field"
    >
      <label
        class="label"
        for="name.firstName"
      >
        Firstname
      </label>
      <input
        class="form__input"
        id="name.firstName"
        name="name.firstName"
        type="text"
        value=""
      />
    </div>
    <div
      class="form__field"
    >
      <label
        class="label"
        for="name.lastName"
      >
        Lastname
      </label>
      <input
        class="form__input"
        id="name.lastName"
        name="name.lastName"
        type="text"
        value=""
      />
    </div>
  </fieldset>
  <fieldset>
    <legend>
      Addresses
    </legend>
    <div>
      <div
        class="form__field"
      >
        <label
          class="label"
          for="addresses.0.type"
        >
          Type
        </label>
        <select
          class="form__input"
          id="addresses.0.type"
          name="addresses.0.type"
        >
          <option
            value="home"
          >
            Home
          </option>
          <option
            value="work"
          >
            Work
          </option>
        </select>
      </div>
      <div
        class="form__field"
      >
        <label
          class="label"
          for="addresses.0.value.street"
        >
          Street
        </label>
        <input
          class="form__input"
          id="addresses.0.value.street"
          name="addresses.0.value.street"
          type="text"
          value=""
        />
      </div>
      <div
        class="form__field"
      >
        <label
          class="label"
          for="addresses.0.value.zip"
        >
          Zip
        </label>
        <input
          class="form__input"
          id="addresses.0.value.zip"
          name="addresses.0.value.zip"
          type="text"
          value=""
        />
      </div>
      <div
        class="form__field"
      >
        <label
          class="label"
          for="addresses.0.value.city"
        >
          City
        </label>
        <input
          class="form__input"
          id="addresses.0.value.city"
          name="addresses.0.value.city"
          type="text"
          value=""
        />
      </div>
      <div
        class="form__field"
      >
        <label
          class="label"
          for="addresses.0.value.country"
        >
          Country
        </label>
        <input
          class="form__input"
          id="addresses.0.value.country"
          name="addresses.0.value.country"
          type="text"
          value=""
        />
      </div>
      <button
        type="button"
      >
        -
      </button>
    </div>
    <button
      type="button"
    >
      +
    </button>
  </fieldset>
  <fieldset>
    <legend>
      Emails
    </legend>
    <div>
      <div
        class="form__field"
      >
        <label
          class="label"
          for="emails.0.type"
        >
          Type
        </label>
        <select
          class="form__input"
          id="emails.0.type"
          name="emails.0.type"
        >
          <option
            value="home"
          >
            Home
          </option>
          <option
            value="work"
          >
            Work
          </option>
        </select>
      </div>
      <div
        class="form__field"
      >
        <label
          class="label"
          for="emails.0.value"
        >
          Email
        </label>
        <input
          class="form__input"
          id="emails.0.value"
          name="emails.0.value"
          type="email"
          value=""
        />
      </div>
      <button
        type="button"
      >
        -
      </button>
    </div>
    <button
      type="button"
    >
      +
    </button>
  </fieldset>
  <fieldset>
    <legend>
      Phones
    </legend>
    <div>
      <div
        class="form__field"
      >
        <label
          class="label"
          for="phones.0.type"
        >
          Type
        </label>
        <select
          class="form__input"
          id="phones.0.type"
          name="phones.0.type"
        >
          <option
            value="home"
          >
            Home
          </option>
          <option
            value="work"
          >
            Work
          </option>
        </select>
      </div>
      <div
        class="form__field"
      >
        <label
          class="label"
          for="phones.0.value"
        >
          Phone
        </label>
        <input
          class="form__input"
          id="phones.0.value"
          name="phones.0.value"
          type="tel"
          value=""
        />
      </div>
      <button
        type="button"
      >
        -
      </button>
    </div>
    <button
      type="button"
    >
      +
    </button>
  </fieldset>
  <div
    class="form__field"
  >
    <button
      type="submit"
    >
      common:save
    </button>
  </div>
</form>
`;
