// Jest Snapshot v1, https://goo.gl/fbAQLP

exports[`loader component should render correctly 1`] = `
<DocumentFragment>
  <div>
    loading â€¦
  </div>
</DocumentFragment>
`;
