// Jest Snapshot v1, https://goo.gl/fbAQLP

exports[`main component renders correctly 1`] = `[Function]`;
