// Jest Snapshot v1, https://goo.gl/fbAQLP

exports[`phone component should render correctly 1`] = `
<DocumentFragment>
  <a
    href="tel:+1 234 56789"
  >
    +1 234 56789
  </a>
</DocumentFragment>
`;
